Gym has been unmaintained since 2022 and does not support NumPy 2.0 amongst other critical functionality.
Please upgrade to Gymnasium, the maintained drop-in replacement of Gym, or contact the authors of your software and request that they upgrade.
See the migration guide at https://gymnasium.farama.org/introduction/migration_guide/ for additional information.
/home/rishic/anaconda3/envs/cs224r-hw3/lib/python3.10/site-packages/matplotlib/fontconfig_pattern.py:66: PyparsingDeprecationWarning: 'setParseAction' deprecated - use 'set_parse_action'
  ).setParseAction(self._family)
/home/rishic/anaconda3/envs/cs224r-hw3/lib/python3.10/site-packages/matplotlib/fontconfig_pattern.py:127: PyparsingDeprecationWarning: 'parseString' deprecated - use 'parse_string'
  self._parser.parseString(pattern)
/home/rishic/anaconda3/envs/cs224r-hw3/lib/python3.10/site-packages/matplotlib/fontconfig_pattern.py:134: PyparsingDeprecationWarning: 'resetCache' deprecated - use 'reset_cache'
  self._parser.resetCache()
Warning: All of online environments libraries in D4RL have been moved ]8;;https://github.com/Farama-Foundation/Gymnasium\Gymnasium]8;;\, ]8;;https://github.com/Farama-Foundation/MiniGrid\MiniGrid]8;;\ and ]8;;https://github.com/Farama-Foundation/Gymnasium-Robotics\Gymnasium-Robotics]8;;\, and all offline datasets in D4RL have been moved to ]8;;https://github.com/Farama-Foundation/Minari\Minari]8;;\.
These new versions include large bug fixes, new versions of Python, and are where all new development will continue. Please upgrade these libraries as soon as you're able to do so.
If you'd like to read more about the story behind this switch, please check out ]8;;https://farama.org/Announcing-Minari\this blog post]8;;\.
/home/rishic/anaconda3/envs/cs224r-hw3/lib/python3.10/site-packages/Cython/Distutils/old_build_ext.py:15: DeprecationWarning: dep_util is Deprecated. Use functions from setuptools instead.
  from distutils.dep_util import newer, newer_group
<frozen importlib._bootstrap>:283: DeprecationWarning: the load_module() method is deprecated and slated for removal in Python 3.12; use exec_module() instead
pybullet build time: Jan 29 2025 23:16:28
wandb: [wandb.login()] Loaded credentials for https://api.wandb.ai from /home/rishic/.netrc.
wandb: Currently logged in as: rishic (rishic-stanford-university) to https://api.wandb.ai. Use `wandb login --relogin` to force relogin
/home/rishic/anaconda3/envs/cs224r-hw3/lib/python3.10/site-packages/wandb/analytics/sentry.py:268: DeprecationWarning: Read the `app_url` setting from the appropriate Settings object.
  app_url = wandb.util.app_url(tags["base_url"])  # type: ignore[index]
/home/rishic/anaconda3/envs/cs224r-hw3/lib/python3.10/site-packages/wandb/analytics/sentry.py:279: DeprecationWarning: The `Scope.user` setter is deprecated in favor of `Scope.set_user()`.
  self.scope.user = {"email": email}
wandb: setting up run 2h10cdfl
/home/rishic/anaconda3/envs/cs224r-hw3/lib/python3.10/site-packages/wandb/analytics/sentry.py:268: DeprecationWarning: Read the `app_url` setting from the appropriate Settings object.
  app_url = wandb.util.app_url(tags["base_url"])  # type: ignore[index]
/home/rishic/anaconda3/envs/cs224r-hw3/lib/python3.10/site-packages/wandb/analytics/sentry.py:279: DeprecationWarning: The `Scope.user` setter is deprecated in favor of `Scope.set_user()`.
  self.scope.user = {"email": email}
wandb: Tracking run with wandb version 0.25.0
wandb: Run data is saved locally in /home/rishic/Code/cs224r/hw3/wandb/run-20260506_221213-2h10cdfl
wandb: Run `wandb offline` to turn off syncing.
wandb: Syncing run filtered_bc_stitching_seed3
wandb: ⭐️ View project at https://wandb.ai/rishic-stanford-university/HW3_OfflineRL_PointmassMedium-v0-modal-v1
wandb: 🚀 View run at https://wandb.ai/rishic-stanford-university/HW3_OfflineRL_PointmassMedium-v0-modal-v1/runs/2h10cdfl
/home/rishic/anaconda3/envs/cs224r-hw3/lib/python3.10/site-packages/matplotlib/_mathtext.py:30: PyparsingDeprecationWarning: 'enablePackrat' deprecated - use 'enable_packrat'
  ParserElement.enablePackrat()
WARNING:matplotlib.style.core:In /home/rishic/anaconda3/envs/cs224r-hw3/lib/python3.10/site-packages/matplotlib/mpl-data/stylelib/classic.mplstyle: 'parseString' deprecated - use 'parse_string'
WARNING:matplotlib.style.core:In /home/rishic/anaconda3/envs/cs224r-hw3/lib/python3.10/site-packages/matplotlib/mpl-data/stylelib/classic.mplstyle: 'resetCache' deprecated - use 'reset_cache'
/home/rishic/anaconda3/envs/cs224r-hw3/lib/python3.10/site-packages/gym/spaces/box.py:84: UserWarning: [33mWARN: Box bound precision lowered by casting to float64[0m
  logger.warn(f"Box bound precision lowered by casting to {self.dtype}")
/home/rishic/anaconda3/envs/cs224r-hw3/lib/python3.10/site-packages/gym/wrappers/record_video.py:41: UserWarning: [33mWARN: Overwriting existing videos at /home/rishic/Code/cs224r/hw3/data/hw3_filtered_bc_stitching_seed3_PointmassMedium-v0_06-05-2026_22-12-13/gym folder (try specifying a different `video_folder` for the `RecordVideo` wrapper if this is not desired)[0m
  logger.warn(



LOGGING TO:  /home/rishic/Code/cs224r/hw3/cs224r/scripts/../../data/hw3_filtered_bc_stitching_seed3_PointmassMedium-v0_06-05-2026_22-12-13 



Using GPU id 0

Loading offline dataset from: offline_datasets/pointmass_stitching_dataset.npz

  [Before filtering]
    Trajectories : 79
    Transitions  : 8184
    Traj return  : mean=-102.987  max=-46.000  min=-150.000

  [After filtering (top 10.0%)]
    Trajectories : 8
    Transitions  : 407
    Traj return  : mean=-49.875  max=-46.000  min=-53.000
Loaded 407 transitions into replay buffer.
  [Dataset vis] Episode-length histogram saved to: vis/dataset/bc/lowpct-1_toppct10.0.png


********** Iteration 0 ************

Training agent...


********** Iteration 1000 ************

Training agent...

Beginning logging procedure...
Timestep 2000
running time 3.107136
Train_EnvstepsSoFar : 2000
TimeSinceStart : 3.1071364879608154
Actor Loss : 0.8972935080528259
Eval_AverageReturn : -43.349998474121094
Eval_StdReturn : 15.090642929077148
Eval_MaxReturn : -24.0
Eval_MinReturn : -76.0
Eval_AverageEpLen : 44.35
Buffer_Size : 407
Done logging...




********** Iteration 2000 ************

Training agent...


********** Iteration 3000 ************

Training agent...

Beginning logging procedure...
Timestep 4000
running time 6.965126
Train_EnvstepsSoFar : 4000
TimeSinceStart : 6.965126037597656
Actor Loss : 0.6445865631103516
Eval_AverageReturn : -56.79999923706055
Eval_StdReturn : 17.013525009155273
Eval_MaxReturn : -33.0
Eval_MinReturn : -102.0
Eval_AverageEpLen : 57.8
Buffer_Size : 407
Done logging...




********** Iteration 4000 ************

Training agent...


********** Iteration 5000 ************

Training agent...

Beginning logging procedure...
Timestep 6000
running time 10.868239
Train_EnvstepsSoFar : 6000
TimeSinceStart : 10.868239164352417
Actor Loss : 0.42414459586143494
Eval_AverageReturn : -52.599998474121094
Eval_StdReturn : 17.295663833618164
Eval_MaxReturn : -26.0
Eval_MinReturn : -91.0
Eval_AverageEpLen : 53.6
Buffer_Size : 407
Done logging...




********** Iteration 6000 ************

Training agent...


********** Iteration 7000 ************

Training agent...

Beginning logging procedure...
Timestep 8000
running time 14.813004
Train_EnvstepsSoFar : 8000
TimeSinceStart : 14.813003540039062
Actor Loss : 0.30933648347854614
Eval_AverageReturn : -56.400001525878906
Eval_StdReturn : 18.637060165405273
Eval_MaxReturn : -23.0
Eval_MinReturn : -92.0
Eval_AverageEpLen : 57.4
Buffer_Size : 407
Done logging...




********** Iteration 8000 ************

Training agent...


********** Iteration 9000 ************

Training agent...

Beginning logging procedure...
Timestep 10000
running time 18.724746
Train_EnvstepsSoFar : 10000
TimeSinceStart : 18.724746465682983
Actor Loss : 0.26772016286849976
Eval_AverageReturn : -44.849998474121094
Eval_StdReturn : 13.547231674194336
Eval_MaxReturn : -25.0
Eval_MinReturn : -71.0
Eval_AverageEpLen : 45.85
Buffer_Size : 407
Done logging...




********** Iteration 10000 ************

Training agent...


********** Iteration 11000 ************

Training agent...

Beginning logging procedure...
Timestep 12000
running time 22.571621
Train_EnvstepsSoFar : 12000
TimeSinceStart : 22.571621417999268
Actor Loss : 0.21348503232002258
Eval_AverageReturn : -50.25
Eval_StdReturn : 17.354753494262695
Eval_MaxReturn : -28.0
Eval_MinReturn : -88.0
Eval_AverageEpLen : 51.25
Buffer_Size : 407
Done logging...




********** Iteration 12000 ************

Training agent...


********** Iteration 13000 ************

Training agent...

Beginning logging procedure...
Timestep 14000
running time 26.466166
Train_EnvstepsSoFar : 14000
TimeSinceStart : 26.466166019439697
Actor Loss : 0.1592954844236374
Eval_AverageReturn : -59.79999923706055
Eval_StdReturn : 20.619407653808594
Eval_MaxReturn : -29.0
Eval_MinReturn : -101.0
Eval_AverageEpLen : 60.8
Buffer_Size : 407
Done logging...




********** Iteration 14000 ************

Training agent...


********** Iteration 15000 ************

Training agent...

Beginning logging procedure...
Timestep 16000
running time 30.403072
Train_EnvstepsSoFar : 16000
TimeSinceStart : 30.403071880340576
Actor Loss : 0.1671360731124878
Eval_AverageReturn : -53.95000076293945
Eval_StdReturn : 31.686708450317383
Eval_MaxReturn : -16.0
Eval_MinReturn : -150.0
Eval_AverageEpLen : 54.9
Buffer_Size : 407
Done logging...




********** Iteration 16000 ************

Training agent...


********** Iteration 17000 ************

Training agent...

Beginning logging procedure...
Timestep 18000
running time 34.308077
Train_EnvstepsSoFar : 18000
TimeSinceStart : 34.30807662010193
Actor Loss : 0.17744596302509308
Eval_AverageReturn : -49.599998474121094
Eval_StdReturn : 19.78989601135254
Eval_MaxReturn : -25.0
Eval_MinReturn : -106.0
Eval_AverageEpLen : 50.6
Buffer_Size : 407
Done logging...




********** Iteration 18000 ************

Training agent...


********** Iteration 19000 ************

Training agent...

Beginning logging procedure...
Timestep 20000
running time 38.187794
Train_EnvstepsSoFar : 20000
TimeSinceStart : 38.18779420852661
Actor Loss : 0.13242731988430023
Eval_AverageReturn : -58.5
Eval_StdReturn : 20.616741180419922
Eval_MaxReturn : -28.0
Eval_MinReturn : -98.0
Eval_AverageEpLen : 59.5
Buffer_Size : 407
Done logging...




********** Iteration 20000 ************

Training agent...


********** Iteration 21000 ************

Training agent...

Beginning logging procedure...
Timestep 22000
running time 42.172339
Train_EnvstepsSoFar : 22000
TimeSinceStart : 42.17233896255493
Actor Loss : 0.13609333336353302
Eval_AverageReturn : -60.150001525878906
Eval_StdReturn : 20.020675659179688
Eval_MaxReturn : -28.0
Eval_MinReturn : -120.0
Eval_AverageEpLen : 61.15
Buffer_Size : 407
Done logging...




********** Iteration 22000 ************

Training agent...


********** Iteration 23000 ************

Training agent...

Beginning logging procedure...
Timestep 24000
running time 46.124175
Train_EnvstepsSoFar : 24000
TimeSinceStart : 46.12417531013489
Actor Loss : 0.10855551064014435
Eval_AverageReturn : -56.599998474121094
Eval_StdReturn : 22.453062057495117
Eval_MaxReturn : -27.0
Eval_MinReturn : -105.0
Eval_AverageEpLen : 57.6
Buffer_Size : 407
Done logging...




********** Iteration 24000 ************

Training agent...


********** Iteration 25000 ************

Training agent...

Beginning logging procedure...
Timestep 26000
running time 50.040738
Train_EnvstepsSoFar : 26000
TimeSinceStart : 50.04073762893677
Actor Loss : 0.12725967168807983
Eval_AverageReturn : -54.75
Eval_StdReturn : 23.010595321655273
Eval_MaxReturn : -31.0
Eval_MinReturn : -132.0
Eval_AverageEpLen : 55.75
Buffer_Size : 407
Done logging...




********** Iteration 26000 ************

Training agent...


********** Iteration 27000 ************

Training agent...

Beginning logging procedure...
Timestep 28000
running time 53.976095
Train_EnvstepsSoFar : 28000
TimeSinceStart : 53.97609496116638
Actor Loss : 0.10985235869884491
Eval_AverageReturn : -55.20000076293945
Eval_StdReturn : 24.693321228027344
Eval_MaxReturn : -23.0
Eval_MinReturn : -125.0
Eval_AverageEpLen : 56.2
Buffer_Size : 407
Done logging...




********** Iteration 28000 ************

Training agent...


********** Iteration 29000 ************

Training agent...

Beginning logging procedure...
Timestep 30000
running time 57.855603
Train_EnvstepsSoFar : 30000
TimeSinceStart : 57.855602502822876
Actor Loss : 0.10708088427782059
Eval_AverageReturn : -48.45000076293945
Eval_StdReturn : 14.108419418334961
Eval_MaxReturn : -25.0
Eval_MinReturn : -80.0
Eval_AverageEpLen : 49.45
Buffer_Size : 407
Done logging...




********** Iteration 30000 ************

Training agent...


********** Iteration 31000 ************

Training agent...

Beginning logging procedure...
Timestep 32000
running time 61.716592
Train_EnvstepsSoFar : 32000
TimeSinceStart : 61.71659231185913
Actor Loss : 0.1059718206524849
Eval_AverageReturn : -55.54999923706055
Eval_StdReturn : 19.87831687927246
Eval_MaxReturn : -29.0
Eval_MinReturn : -108.0
Eval_AverageEpLen : 56.55
Buffer_Size : 407
Done logging...




********** Iteration 32000 ************

Training agent...


********** Iteration 33000 ************

Training agent...

Beginning logging procedure...
Timestep 34000
running time 65.620650
Train_EnvstepsSoFar : 34000
TimeSinceStart : 65.62064981460571
Actor Loss : 0.0964134931564331
Eval_AverageReturn : -52.79999923706055
Eval_StdReturn : 15.161133766174316
Eval_MaxReturn : -28.0
Eval_MinReturn : -73.0
Eval_AverageEpLen : 53.8
Buffer_Size : 407
Done logging...




********** Iteration 34000 ************

Training agent...


********** Iteration 35000 ************

Training agent...

Beginning logging procedure...
Timestep 36000
running time 69.483625
Train_EnvstepsSoFar : 36000
TimeSinceStart : 69.48362469673157
Actor Loss : 0.09870286285877228
Eval_AverageReturn : -52.400001525878906
Eval_StdReturn : 21.460195541381836
Eval_MaxReturn : -24.0
Eval_MinReturn : -89.0
Eval_AverageEpLen : 53.4
Buffer_Size : 407
Done logging...




********** Iteration 36000 ************

Training agent...


********** Iteration 37000 ************

Training agent...

Beginning logging procedure...
Timestep 38000
running time 73.416514
Train_EnvstepsSoFar : 38000
TimeSinceStart : 73.41651439666748
Actor Loss : 0.09188716113567352
Eval_AverageReturn : -51.150001525878906
Eval_StdReturn : 21.870698928833008
Eval_MaxReturn : -23.0
Eval_MinReturn : -99.0
Eval_AverageEpLen : 52.15
Buffer_Size : 407
Done logging...




********** Iteration 38000 ************

Training agent...


********** Iteration 39000 ************

Training agent...

Beginning logging procedure...
Timestep 40000
running time 77.236168
Train_EnvstepsSoFar : 40000
TimeSinceStart : 77.23616814613342
Actor Loss : 0.10620634257793427
Eval_AverageReturn : -64.6500015258789
Eval_StdReturn : 15.14686393737793
Eval_MaxReturn : -38.0
Eval_MinReturn : -109.0
Eval_AverageEpLen : 65.65
Buffer_Size : 407
Done logging...




********** Iteration 40000 ************

Training agent...


********** Iteration 41000 ************

Training agent...

Beginning logging procedure...
Timestep 42000
running time 81.208622
Train_EnvstepsSoFar : 42000
TimeSinceStart : 81.20862221717834
Actor Loss : 0.08406271040439606
Eval_AverageReturn : -48.54999923706055
Eval_StdReturn : 20.512130737304688
Eval_MaxReturn : -21.0
Eval_MinReturn : -106.0
Eval_AverageEpLen : 49.55
Buffer_Size : 407
Done logging...




********** Iteration 42000 ************

Training agent...


********** Iteration 43000 ************

Training agent...

Beginning logging procedure...
Timestep 44000
running time 85.058073
Train_EnvstepsSoFar : 44000
TimeSinceStart : 85.05807280540466
Actor Loss : 0.09542741626501083
Eval_AverageReturn : -52.29999923706055
Eval_StdReturn : 20.990713119506836
Eval_MaxReturn : -26.0
Eval_MinReturn : -98.0
Eval_AverageEpLen : 53.3
Buffer_Size : 407
Done logging...




********** Iteration 44000 ************

Training agent...


********** Iteration 45000 ************

Training agent...

Beginning logging procedure...
Timestep 46000
running time 88.930681
Train_EnvstepsSoFar : 46000
TimeSinceStart : 88.93068051338196
Actor Loss : 0.07697185128927231
Eval_AverageReturn : -51.099998474121094
Eval_StdReturn : 17.058427810668945
Eval_MaxReturn : -28.0
Eval_MinReturn : -81.0
Eval_AverageEpLen : 52.1
Buffer_Size : 407
Done logging...




********** Iteration 46000 ************

Training agent...


********** Iteration 47000 ************

Training agent...

Beginning logging procedure...
Timestep 48000
running time 92.793975
Train_EnvstepsSoFar : 48000
TimeSinceStart : 92.79397535324097
Actor Loss : 0.09178384393453598
Eval_AverageReturn : -51.20000076293945
Eval_StdReturn : 21.85772132873535
Eval_MaxReturn : -19.0
Eval_MinReturn : -101.0
Eval_AverageEpLen : 52.2
Buffer_Size : 407
Done logging...




********** Iteration 48000 ************

Training agent...


********** Iteration 49000 ************

Training agent...

Beginning logging procedure...
Timestep 50000
running time 96.721817
Train_EnvstepsSoFar : 50000
TimeSinceStart : 96.72181749343872
Actor Loss : 0.10875704884529114
Eval_AverageReturn : -63.099998474121094
Eval_StdReturn : 20.235858917236328
Eval_MaxReturn : -32.0
Eval_MinReturn : -126.0
Eval_AverageEpLen : 64.1
Buffer_Size : 407
Done logging...


[1;34mwandb[0m: 
[1;34mwandb[0m: 🚀 View run [33mfiltered_bc_stitching_seed3[0m at: [34mhttps://wandb.ai/rishic-stanford-university/HW3_OfflineRL_PointmassMedium-v0-modal-v1/runs/2h10cdfl[0m
[1;34mwandb[0m: Find logs at: [1;35mwandb/run-20260506_221213-2h10cdfl/logs[0m
