Gym has been unmaintained since 2022 and does not support NumPy 2.0 amongst other critical functionality.
Please upgrade to Gymnasium, the maintained drop-in replacement of Gym, or contact the authors of your software and request that they upgrade.
See the migration guide at https://gymnasium.farama.org/introduction/migration_guide/ for additional information.
/home/rishic/anaconda3/envs/cs224r-hw3/lib/python3.10/site-packages/matplotlib/fontconfig_pattern.py:66: PyparsingDeprecationWarning: 'setParseAction' deprecated - use 'set_parse_action'
  ).setParseAction(self._family)
/home/rishic/anaconda3/envs/cs224r-hw3/lib/python3.10/site-packages/matplotlib/fontconfig_pattern.py:127: PyparsingDeprecationWarning: 'parseString' deprecated - use 'parse_string'
  self._parser.parseString(pattern)
/home/rishic/anaconda3/envs/cs224r-hw3/lib/python3.10/site-packages/matplotlib/fontconfig_pattern.py:134: PyparsingDeprecationWarning: 'resetCache' deprecated - use 'reset_cache'
  self._parser.resetCache()
Warning: All of online environments libraries in D4RL have been moved ]8;;https://github.com/Farama-Foundation/Gymnasium\Gymnasium]8;;\, ]8;;https://github.com/Farama-Foundation/MiniGrid\MiniGrid]8;;\ and ]8;;https://github.com/Farama-Foundation/Gymnasium-Robotics\Gymnasium-Robotics]8;;\, and all offline datasets in D4RL have been moved to ]8;;https://github.com/Farama-Foundation/Minari\Minari]8;;\.
These new versions include large bug fixes, new versions of Python, and are where all new development will continue. Please upgrade these libraries as soon as you're able to do so.
If you'd like to read more about the story behind this switch, please check out ]8;;https://farama.org/Announcing-Minari\this blog post]8;;\.
/home/rishic/anaconda3/envs/cs224r-hw3/lib/python3.10/site-packages/Cython/Distutils/old_build_ext.py:15: DeprecationWarning: dep_util is Deprecated. Use functions from setuptools instead.
  from distutils.dep_util import newer, newer_group
<frozen importlib._bootstrap>:283: DeprecationWarning: the load_module() method is deprecated and slated for removal in Python 3.12; use exec_module() instead
pybullet build time: Jan 29 2025 23:16:28
wandb: [wandb.login()] Loaded credentials for https://api.wandb.ai from /home/rishic/.netrc.
wandb: Currently logged in as: rishic (rishic-stanford-university) to https://api.wandb.ai. Use `wandb login --relogin` to force relogin
/home/rishic/anaconda3/envs/cs224r-hw3/lib/python3.10/site-packages/wandb/analytics/sentry.py:268: DeprecationWarning: Read the `app_url` setting from the appropriate Settings object.
  app_url = wandb.util.app_url(tags["base_url"])  # type: ignore[index]
/home/rishic/anaconda3/envs/cs224r-hw3/lib/python3.10/site-packages/wandb/analytics/sentry.py:279: DeprecationWarning: The `Scope.user` setter is deprecated in favor of `Scope.set_user()`.
  self.scope.user = {"email": email}
wandb: setting up run rzlmcxir
/home/rishic/anaconda3/envs/cs224r-hw3/lib/python3.10/site-packages/wandb/analytics/sentry.py:268: DeprecationWarning: Read the `app_url` setting from the appropriate Settings object.
  app_url = wandb.util.app_url(tags["base_url"])  # type: ignore[index]
/home/rishic/anaconda3/envs/cs224r-hw3/lib/python3.10/site-packages/wandb/analytics/sentry.py:279: DeprecationWarning: The `Scope.user` setter is deprecated in favor of `Scope.set_user()`.
  self.scope.user = {"email": email}
wandb: Tracking run with wandb version 0.25.0
wandb: Run data is saved locally in /home/rishic/Code/cs224r/hw3/wandb/run-20260506_221031-rzlmcxir
wandb: Run `wandb offline` to turn off syncing.
wandb: Syncing run filtered_bc_stitching_seed2
wandb: ⭐️ View project at https://wandb.ai/rishic-stanford-university/HW3_OfflineRL_PointmassMedium-v0-modal-v1
wandb: 🚀 View run at https://wandb.ai/rishic-stanford-university/HW3_OfflineRL_PointmassMedium-v0-modal-v1/runs/rzlmcxir
/home/rishic/anaconda3/envs/cs224r-hw3/lib/python3.10/site-packages/matplotlib/_mathtext.py:30: PyparsingDeprecationWarning: 'enablePackrat' deprecated - use 'enable_packrat'
  ParserElement.enablePackrat()
WARNING:matplotlib.style.core:In /home/rishic/anaconda3/envs/cs224r-hw3/lib/python3.10/site-packages/matplotlib/mpl-data/stylelib/classic.mplstyle: 'parseString' deprecated - use 'parse_string'
WARNING:matplotlib.style.core:In /home/rishic/anaconda3/envs/cs224r-hw3/lib/python3.10/site-packages/matplotlib/mpl-data/stylelib/classic.mplstyle: 'resetCache' deprecated - use 'reset_cache'
/home/rishic/anaconda3/envs/cs224r-hw3/lib/python3.10/site-packages/gym/spaces/box.py:84: UserWarning: [33mWARN: Box bound precision lowered by casting to float64[0m
  logger.warn(f"Box bound precision lowered by casting to {self.dtype}")
/home/rishic/anaconda3/envs/cs224r-hw3/lib/python3.10/site-packages/gym/wrappers/record_video.py:41: UserWarning: [33mWARN: Overwriting existing videos at /home/rishic/Code/cs224r/hw3/data/hw3_filtered_bc_stitching_seed2_PointmassMedium-v0_06-05-2026_22-10-30/gym folder (try specifying a different `video_folder` for the `RecordVideo` wrapper if this is not desired)[0m
  logger.warn(



LOGGING TO:  /home/rishic/Code/cs224r/hw3/cs224r/scripts/../../data/hw3_filtered_bc_stitching_seed2_PointmassMedium-v0_06-05-2026_22-10-30 



Using GPU id 0

Loading offline dataset from: offline_datasets/pointmass_stitching_dataset.npz

  [Before filtering]
    Trajectories : 79
    Transitions  : 8184
    Traj return  : mean=-102.987  max=-46.000  min=-150.000

  [After filtering (top 10.0%)]
    Trajectories : 8
    Transitions  : 407
    Traj return  : mean=-49.875  max=-46.000  min=-53.000
Loaded 407 transitions into replay buffer.
  [Dataset vis] Episode-length histogram saved to: vis/dataset/bc/lowpct-1_toppct10.0.png


********** Iteration 0 ************

Training agent...


********** Iteration 1000 ************

Training agent...

Beginning logging procedure...
Timestep 2000
running time 3.150456
Train_EnvstepsSoFar : 2000
TimeSinceStart : 3.1504557132720947
Actor Loss : 0.8678795099258423
Eval_AverageReturn : -45.75
Eval_StdReturn : 15.022899627685547
Eval_MaxReturn : -21.0
Eval_MinReturn : -82.0
Eval_AverageEpLen : 46.75
Buffer_Size : 407
Done logging...




********** Iteration 2000 ************

Training agent...


********** Iteration 3000 ************

Training agent...

Beginning logging procedure...
Timestep 4000
running time 6.995475
Train_EnvstepsSoFar : 4000
TimeSinceStart : 6.995474576950073
Actor Loss : 0.6763250231742859
Eval_AverageReturn : -42.95000076293945
Eval_StdReturn : 9.901893615722656
Eval_MaxReturn : -27.0
Eval_MinReturn : -73.0
Eval_AverageEpLen : 43.95
Buffer_Size : 407
Done logging...




********** Iteration 4000 ************

Training agent...


********** Iteration 5000 ************

Training agent...

Beginning logging procedure...
Timestep 6000
running time 10.817628
Train_EnvstepsSoFar : 6000
TimeSinceStart : 10.817628383636475
Actor Loss : 0.45116326212882996
Eval_AverageReturn : -50.75
Eval_StdReturn : 19.4419002532959
Eval_MaxReturn : -22.0
Eval_MinReturn : -86.0
Eval_AverageEpLen : 51.75
Buffer_Size : 407
Done logging...




********** Iteration 6000 ************

Training agent...


********** Iteration 7000 ************

Training agent...

Beginning logging procedure...
Timestep 8000
running time 14.760129
Train_EnvstepsSoFar : 8000
TimeSinceStart : 14.76012921333313
Actor Loss : 0.2808610796928406
Eval_AverageReturn : -48.150001525878906
Eval_StdReturn : 15.691637992858887
Eval_MaxReturn : -29.0
Eval_MinReturn : -89.0
Eval_AverageEpLen : 49.15
Buffer_Size : 407
Done logging...




********** Iteration 8000 ************

Training agent...


********** Iteration 9000 ************

Training agent...

Beginning logging procedure...
Timestep 10000
running time 18.620437
Train_EnvstepsSoFar : 10000
TimeSinceStart : 18.620436906814575
Actor Loss : 0.256884902715683
Eval_AverageReturn : -57.849998474121094
Eval_StdReturn : 25.50543975830078
Eval_MaxReturn : -19.0
Eval_MinReturn : -121.0
Eval_AverageEpLen : 58.85
Buffer_Size : 407
Done logging...




********** Iteration 10000 ************

Training agent...


********** Iteration 11000 ************

Training agent...

Beginning logging procedure...
Timestep 12000
running time 22.576551
Train_EnvstepsSoFar : 12000
TimeSinceStart : 22.57655119895935
Actor Loss : 0.21930912137031555
Eval_AverageReturn : -55.95000076293945
Eval_StdReturn : 22.38185691833496
Eval_MaxReturn : -25.0
Eval_MinReturn : -115.0
Eval_AverageEpLen : 56.95
Buffer_Size : 407
Done logging...




********** Iteration 12000 ************

Training agent...


********** Iteration 13000 ************

Training agent...

Beginning logging procedure...
Timestep 14000
running time 26.460144
Train_EnvstepsSoFar : 14000
TimeSinceStart : 26.460143566131592
Actor Loss : 0.17932014167308807
Eval_AverageReturn : -49.099998474121094
Eval_StdReturn : 18.798669815063477
Eval_MaxReturn : -18.0
Eval_MinReturn : -83.0
Eval_AverageEpLen : 50.1
Buffer_Size : 407
Done logging...




********** Iteration 14000 ************

Training agent...


********** Iteration 15000 ************

Training agent...

Beginning logging procedure...
Timestep 16000
running time 30.292620
Train_EnvstepsSoFar : 16000
TimeSinceStart : 30.292619705200195
Actor Loss : 0.17287015914916992
Eval_AverageReturn : -53.79999923706055
Eval_StdReturn : 22.859569549560547
Eval_MaxReturn : -22.0
Eval_MinReturn : -98.0
Eval_AverageEpLen : 54.8
Buffer_Size : 407
Done logging...




********** Iteration 16000 ************

Training agent...


********** Iteration 17000 ************

Training agent...

Beginning logging procedure...
Timestep 18000
running time 34.271162
Train_EnvstepsSoFar : 18000
TimeSinceStart : 34.2711615562439
Actor Loss : 0.15506666898727417
Eval_AverageReturn : -55.54999923706055
Eval_StdReturn : 24.563133239746094
Eval_MaxReturn : -23.0
Eval_MinReturn : -143.0
Eval_AverageEpLen : 56.55
Buffer_Size : 407
Done logging...




********** Iteration 18000 ************

Training agent...


********** Iteration 19000 ************

Training agent...

Beginning logging procedure...
Timestep 20000
running time 38.219842
Train_EnvstepsSoFar : 20000
TimeSinceStart : 38.219842195510864
Actor Loss : 0.1250726580619812
Eval_AverageReturn : -55.5
Eval_StdReturn : 28.06332015991211
Eval_MaxReturn : -20.0
Eval_MinReturn : -132.0
Eval_AverageEpLen : 56.5
Buffer_Size : 407
Done logging...




********** Iteration 20000 ************

Training agent...


********** Iteration 21000 ************

Training agent...

Beginning logging procedure...
Timestep 22000
running time 42.152155
Train_EnvstepsSoFar : 22000
TimeSinceStart : 42.15215539932251
Actor Loss : 0.1430709958076477
Eval_AverageReturn : -54.150001525878906
Eval_StdReturn : 17.827716827392578
Eval_MaxReturn : -30.0
Eval_MinReturn : -99.0
Eval_AverageEpLen : 55.15
Buffer_Size : 407
Done logging...




********** Iteration 22000 ************

Training agent...


********** Iteration 23000 ************

Training agent...

Beginning logging procedure...
Timestep 24000
running time 46.072010
Train_EnvstepsSoFar : 24000
TimeSinceStart : 46.07201027870178
Actor Loss : 0.10736274719238281
Eval_AverageReturn : -54.599998474121094
Eval_StdReturn : 17.373544692993164
Eval_MaxReturn : -29.0
Eval_MinReturn : -105.0
Eval_AverageEpLen : 55.6
Buffer_Size : 407
Done logging...




********** Iteration 24000 ************

Training agent...


********** Iteration 25000 ************

Training agent...

Beginning logging procedure...
Timestep 26000
running time 49.955281
Train_EnvstepsSoFar : 26000
TimeSinceStart : 49.955281496047974
Actor Loss : 0.1128673404455185
Eval_AverageReturn : -47.54999923706055
Eval_StdReturn : 11.061079978942871
Eval_MaxReturn : -23.0
Eval_MinReturn : -67.0
Eval_AverageEpLen : 48.55
Buffer_Size : 407
Done logging...




********** Iteration 26000 ************

Training agent...


********** Iteration 27000 ************

Training agent...

Beginning logging procedure...
Timestep 28000
running time 53.837214
Train_EnvstepsSoFar : 28000
TimeSinceStart : 53.83721399307251
Actor Loss : 0.10739443451166153
Eval_AverageReturn : -60.099998474121094
Eval_StdReturn : 25.439929962158203
Eval_MaxReturn : -27.0
Eval_MinReturn : -142.0
Eval_AverageEpLen : 61.1
Buffer_Size : 407
Done logging...




********** Iteration 28000 ************

Training agent...


********** Iteration 29000 ************

Training agent...

Beginning logging procedure...
Timestep 30000
running time 57.787503
Train_EnvstepsSoFar : 30000
TimeSinceStart : 57.78750252723694
Actor Loss : 0.11460307240486145
Eval_AverageReturn : -54.20000076293945
Eval_StdReturn : 24.442996978759766
Eval_MaxReturn : -30.0
Eval_MinReturn : -142.0
Eval_AverageEpLen : 55.2
Buffer_Size : 407
Done logging...




********** Iteration 30000 ************

Training agent...


********** Iteration 31000 ************

Training agent...

Beginning logging procedure...
Timestep 32000
running time 61.681740
Train_EnvstepsSoFar : 32000
TimeSinceStart : 61.68173956871033
Actor Loss : 0.1017211377620697
Eval_AverageReturn : -54.04999923706055
Eval_StdReturn : 21.051069259643555
Eval_MaxReturn : -25.0
Eval_MinReturn : -122.0
Eval_AverageEpLen : 55.05
Buffer_Size : 407
Done logging...




********** Iteration 32000 ************

Training agent...


********** Iteration 33000 ************

Training agent...

Beginning logging procedure...
Timestep 34000
running time 65.628181
Train_EnvstepsSoFar : 34000
TimeSinceStart : 65.62818121910095
Actor Loss : 0.11632736772298813
Eval_AverageReturn : -56.849998474121094
Eval_StdReturn : 21.622385025024414
Eval_MaxReturn : -31.0
Eval_MinReturn : -101.0
Eval_AverageEpLen : 57.85
Buffer_Size : 407
Done logging...




********** Iteration 34000 ************

Training agent...


********** Iteration 35000 ************

Training agent...

Beginning logging procedure...
Timestep 36000
running time 69.557546
Train_EnvstepsSoFar : 36000
TimeSinceStart : 69.557546377182
Actor Loss : 0.0890793725848198
Eval_AverageReturn : -47.29999923706055
Eval_StdReturn : 13.229134559631348
Eval_MaxReturn : -30.0
Eval_MinReturn : -83.0
Eval_AverageEpLen : 48.3
Buffer_Size : 407
Done logging...




********** Iteration 36000 ************

Training agent...


********** Iteration 37000 ************

Training agent...

Beginning logging procedure...
Timestep 38000
running time 73.505892
Train_EnvstepsSoFar : 38000
TimeSinceStart : 73.50589179992676
Actor Loss : 0.09393957257270813
Eval_AverageReturn : -47.29999923706055
Eval_StdReturn : 17.70903778076172
Eval_MaxReturn : -19.0
Eval_MinReturn : -102.0
Eval_AverageEpLen : 48.3
Buffer_Size : 407
Done logging...




********** Iteration 38000 ************

Training agent...


********** Iteration 39000 ************

Training agent...

Beginning logging procedure...
Timestep 40000
running time 77.378651
Train_EnvstepsSoFar : 40000
TimeSinceStart : 77.37865090370178
Actor Loss : 0.10336309671401978
Eval_AverageReturn : -56.650001525878906
Eval_StdReturn : 24.309001922607422
Eval_MaxReturn : -26.0
Eval_MinReturn : -124.0
Eval_AverageEpLen : 57.65
Buffer_Size : 407
Done logging...




********** Iteration 40000 ************

Training agent...


********** Iteration 41000 ************

Training agent...

Beginning logging procedure...
Timestep 42000
running time 81.356044
Train_EnvstepsSoFar : 42000
TimeSinceStart : 81.35604405403137
Actor Loss : 0.09751488268375397
Eval_AverageReturn : -59.75
Eval_StdReturn : 22.056461334228516
Eval_MaxReturn : -29.0
Eval_MinReturn : -107.0
Eval_AverageEpLen : 60.75
Buffer_Size : 407
Done logging...




********** Iteration 42000 ************

Training agent...


********** Iteration 43000 ************

Training agent...

Beginning logging procedure...
Timestep 44000
running time 85.333314
Train_EnvstepsSoFar : 44000
TimeSinceStart : 85.33331418037415
Actor Loss : 0.11122632026672363
Eval_AverageReturn : -51.75
Eval_StdReturn : 15.046178817749023
Eval_MaxReturn : -27.0
Eval_MinReturn : -96.0
Eval_AverageEpLen : 52.75
Buffer_Size : 407
Done logging...




********** Iteration 44000 ************

Training agent...


********** Iteration 45000 ************

Training agent...

Beginning logging procedure...
Timestep 46000
running time 89.239855
Train_EnvstepsSoFar : 46000
TimeSinceStart : 89.23985457420349
Actor Loss : 0.10730406641960144
Eval_AverageReturn : -62.599998474121094
Eval_StdReturn : 16.707483291625977
Eval_MaxReturn : -41.0
Eval_MinReturn : -105.0
Eval_AverageEpLen : 63.6
Buffer_Size : 407
Done logging...




********** Iteration 46000 ************

Training agent...


********** Iteration 47000 ************

Training agent...

Beginning logging procedure...
Timestep 48000
running time 93.210492
Train_EnvstepsSoFar : 48000
TimeSinceStart : 93.21049213409424
Actor Loss : 0.08983583748340607
Eval_AverageReturn : -51.849998474121094
Eval_StdReturn : 16.417293548583984
Eval_MaxReturn : -27.0
Eval_MinReturn : -87.0
Eval_AverageEpLen : 52.85
Buffer_Size : 407
Done logging...




********** Iteration 48000 ************

Training agent...


********** Iteration 49000 ************

Training agent...

Beginning logging procedure...
Timestep 50000
running time 97.109768
Train_EnvstepsSoFar : 50000
TimeSinceStart : 97.10976815223694
Actor Loss : 0.09230770170688629
Eval_AverageReturn : -57.45000076293945
Eval_StdReturn : 23.80015754699707
Eval_MaxReturn : -25.0
Eval_MinReturn : -113.0
Eval_AverageEpLen : 58.45
Buffer_Size : 407
Done logging...


[1;34mwandb[0m: 
[1;34mwandb[0m: 🚀 View run [33mfiltered_bc_stitching_seed2[0m at: [34mhttps://wandb.ai/rishic-stanford-university/HW3_OfflineRL_PointmassMedium-v0-modal-v1/runs/rzlmcxir[0m
[1;34mwandb[0m: Find logs at: [1;35mwandb/run-20260506_221031-rzlmcxir/logs[0m
